// Jest Snapshot v1, https://goo.gl/fbAQLP

exports[`renders correctly 1`] = `
<div>
  <table
    className="body"
  >
    <thead
      className="tablehead"
    >
      <tr>
        <th
          className="tableRow"
        >
          Misson
        </th>
        <th
          className="tableRow"
        >
          Description
        </th>
        <th
          className="tableRow"
        >
          Status
        </th>
        <th
          className="tableRow"
        />
      </tr>
    </thead>
    <tbody />
  </table>
</div>
`;
